Running equality comparison test - success.*✓.*
Running equality comparison test - error message.*✗.*
.*
.*
Running less than comparison test - success.*✓.*
Running less than comparison test - error message.*✗.*
.*
.*
Running compound type comparison test - success.*✓.*
Running compound type comparison test - error message.*✗.*
.*
.*
.*
.*
.*
.*
.*
.*
.*
.*
